// Jest Snapshot v1, https://goo.gl/fbAQLP

exports[`CalendarDisplay should match snapshot 1`] = `
ShallowWrapper {
  "length": 1,
  Symbol(enzyme.__root__): [Circular],
  Symbol(enzyme.__unrendered__): <CalendarDisplay
    events={
      Array [
        Object {
          "description": "Fun with friends",
          "end": "2018-02-09T10:00:00-07:00",
          "eventID": "7js6e24fo0kin4qcotoegu37hg",
          "location": "Mi Casa",
          "start": "2018-02-09T09:00:00-07:00",
          "title": "Super Fun Party",
        },
      ]
    }
  />,
  Symbol(enzyme.__renderer__): Object {
    "batchedUpdates": [Function],
    "getNode": [Function],
    "render": [Function],
    "simulateEvent": [Function],
    "unmount": [Function],
  },
  Symbol(enzyme.__node__): Object {
    "instance": null,
    "key": undefined,
    "nodeType": "host",
    "props": Object {
      "children": <Uncontrolled(Calendar)
        defaultDate={2018-02-26T03:47:05.791Z}
        events={
          Array [
            Object {
              "description": "Fun with friends",
              "end": "2018-02-09T10:00:00-07:00",
              "eventID": "7js6e24fo0kin4qcotoegu37hg",
              "location": "Mi Casa",
              "start": "2018-02-09T09:00:00-07:00",
              "title": "Super Fun Party",
            },
          ]
        }
        onSelectEvent={[Function]}
        onSelectSlot={[Function]}
        selectable={true}
        style={
          Object {
            "height": "420px",
          }
        }
        views={
          Object {
            "day": true,
            "month": true,
          }
        }
      />,
    },
    "ref": null,
    "rendered": Object {
      "instance": null,
      "key": undefined,
      "nodeType": "class",
      "props": Object {
        "defaultDate": 2018-02-26T03:47:05.791Z,
        "events": Array [
          Object {
            "description": "Fun with friends",
            "end": "2018-02-09T10:00:00-07:00",
            "eventID": "7js6e24fo0kin4qcotoegu37hg",
            "location": "Mi Casa",
            "start": "2018-02-09T09:00:00-07:00",
            "title": "Super Fun Party",
          },
        ],
        "onSelectEvent": [Function],
        "onSelectSlot": [Function],
        "selectable": true,
        "style": Object {
          "height": "420px",
        },
        "views": Object {
          "day": true,
          "month": true,
        },
      },
      "ref": null,
      "rendered": null,
      "type": [Function],
    },
    "type": "div",
  },
  Symbol(enzyme.__nodes__): Array [
    Object {
      "instance": null,
      "key": undefined,
      "nodeType": "host",
      "props": Object {
        "children": <Uncontrolled(Calendar)
          defaultDate={2018-02-26T03:47:05.791Z}
          events={
            Array [
              Object {
                "description": "Fun with friends",
                "end": "2018-02-09T10:00:00-07:00",
                "eventID": "7js6e24fo0kin4qcotoegu37hg",
                "location": "Mi Casa",
                "start": "2018-02-09T09:00:00-07:00",
                "title": "Super Fun Party",
              },
            ]
          }
          onSelectEvent={[Function]}
          onSelectSlot={[Function]}
          selectable={true}
          style={
            Object {
              "height": "420px",
            }
          }
          views={
            Object {
              "day": true,
              "month": true,
            }
          }
        />,
      },
      "ref": null,
      "rendered": Object {
        "instance": null,
        "key": undefined,
        "nodeType": "class",
        "props": Object {
          "defaultDate": 2018-02-26T03:47:05.791Z,
          "events": Array [
            Object {
              "description": "Fun with friends",
              "end": "2018-02-09T10:00:00-07:00",
              "eventID": "7js6e24fo0kin4qcotoegu37hg",
              "location": "Mi Casa",
              "start": "2018-02-09T09:00:00-07:00",
              "title": "Super Fun Party",
            },
          ],
          "onSelectEvent": [Function],
          "onSelectSlot": [Function],
          "selectable": true,
          "style": Object {
            "height": "420px",
          },
          "views": Object {
            "day": true,
            "month": true,
          },
        },
        "ref": null,
        "rendered": null,
        "type": [Function],
      },
      "type": "div",
    },
  ],
  Symbol(enzyme.__options__): Object {
    "adapter": ReactSixteenAdapter {
      "options": Object {
        "enableComponentDidUpdateOnSetState": true,
      },
    },
  },
}
`;
