// Jest Snapshot v1, https://goo.gl/fbAQLP

exports[`Register should match the snapshot 1`] = `
ShallowWrapper {
  "length": 1,
  Symbol(enzyme.__root__): [Circular],
  Symbol(enzyme.__unrendered__): <Register />,
  Symbol(enzyme.__renderer__): Object {
    "batchedUpdates": [Function],
    "getNode": [Function],
    "render": [Function],
    "simulateEvent": [Function],
    "unmount": [Function],
  },
  Symbol(enzyme.__node__): Object {
    "instance": null,
    "key": undefined,
    "nodeType": "host",
    "props": Object {
      "children": <div>
        <h2>
          Would you like to load an existing calendar or create a new calendar?
        </h2>
        <div
          className="btn"
        >
          <button
            onClick={[Function]}
          >
            Existing
          </button>
          <button
            onClick={[Function]}
          >
            New
          </button>
        </div>
      </div>,
      "className": "register",
    },
    "ref": null,
    "rendered": Object {
      "instance": null,
      "key": undefined,
      "nodeType": "host",
      "props": Object {
        "children": Array [
          <h2>
            Would you like to load an existing calendar or create a new calendar?
          </h2>,
          <div
            className="btn"
          >
            <button
              onClick={[Function]}
            >
              Existing
            </button>
            <button
              onClick={[Function]}
            >
              New
            </button>
          </div>,
        ],
      },
      "ref": null,
      "rendered": Array [
        Object {
          "instance": null,
          "key": undefined,
          "nodeType": "host",
          "props": Object {
            "children": "Would you like to load an existing calendar or create a new calendar?",
          },
          "ref": null,
          "rendered": "Would you like to load an existing calendar or create a new calendar?",
          "type": "h2",
        },
        Object {
          "instance": null,
          "key": undefined,
          "nodeType": "host",
          "props": Object {
            "children": Array [
              <button
                onClick={[Function]}
              >
                Existing
              </button>,
              <button
                onClick={[Function]}
              >
                New
              </button>,
            ],
            "className": "btn",
          },
          "ref": null,
          "rendered": Array [
            Object {
              "instance": null,
              "key": undefined,
              "nodeType": "host",
              "props": Object {
                "children": "Existing",
                "onClick": [Function],
              },
              "ref": null,
              "rendered": "Existing",
              "type": "button",
            },
            Object {
              "instance": null,
              "key": undefined,
              "nodeType": "host",
              "props": Object {
                "children": "New",
                "onClick": [Function],
              },
              "ref": null,
              "rendered": "New",
              "type": "button",
            },
          ],
          "type": "div",
        },
      ],
      "type": "div",
    },
    "type": "div",
  },
  Symbol(enzyme.__nodes__): Array [
    Object {
      "instance": null,
      "key": undefined,
      "nodeType": "host",
      "props": Object {
        "children": <div>
          <h2>
            Would you like to load an existing calendar or create a new calendar?
          </h2>
          <div
            className="btn"
          >
            <button
              onClick={[Function]}
            >
              Existing
            </button>
            <button
              onClick={[Function]}
            >
              New
            </button>
          </div>
        </div>,
        "className": "register",
      },
      "ref": null,
      "rendered": Object {
        "instance": null,
        "key": undefined,
        "nodeType": "host",
        "props": Object {
          "children": Array [
            <h2>
              Would you like to load an existing calendar or create a new calendar?
            </h2>,
            <div
              className="btn"
            >
              <button
                onClick={[Function]}
              >
                Existing
              </button>
              <button
                onClick={[Function]}
              >
                New
              </button>
            </div>,
          ],
        },
        "ref": null,
        "rendered": Array [
          Object {
            "instance": null,
            "key": undefined,
            "nodeType": "host",
            "props": Object {
              "children": "Would you like to load an existing calendar or create a new calendar?",
            },
            "ref": null,
            "rendered": "Would you like to load an existing calendar or create a new calendar?",
            "type": "h2",
          },
          Object {
            "instance": null,
            "key": undefined,
            "nodeType": "host",
            "props": Object {
              "children": Array [
                <button
                  onClick={[Function]}
                >
                  Existing
                </button>,
                <button
                  onClick={[Function]}
                >
                  New
                </button>,
              ],
              "className": "btn",
            },
            "ref": null,
            "rendered": Array [
              Object {
                "instance": null,
                "key": undefined,
                "nodeType": "host",
                "props": Object {
                  "children": "Existing",
                  "onClick": [Function],
                },
                "ref": null,
                "rendered": "Existing",
                "type": "button",
              },
              Object {
                "instance": null,
                "key": undefined,
                "nodeType": "host",
                "props": Object {
                  "children": "New",
                  "onClick": [Function],
                },
                "ref": null,
                "rendered": "New",
                "type": "button",
              },
            ],
            "type": "div",
          },
        ],
        "type": "div",
      },
      "type": "div",
    },
  ],
  Symbol(enzyme.__options__): Object {
    "adapter": ReactSixteenAdapter {
      "options": Object {
        "enableComponentDidUpdateOnSetState": true,
      },
    },
  },
}
`;
